
Allocating common symbols
Common symbol       size              file

usr_pool            0x10              build/memory.o
thread_ready_list   0x10              build/thread.o
thread_all_list     0x10              build/thread.o
intr_name           0x84              build/interrupt.o
main_thread         0x4               build/thread.o
ticks               0x4               build/timer.o
kernel_vaddr        0xc               build/memory.o
idt_table           0x84              build/interrupt.o
kernel_pool         0x10              build/memory.o

Discarded input sections

 .group         0x0000000000000000        0x8 build/main.o
 .note.GNU-stack
                0x0000000000000000        0x0 build/main.o
 .group         0x0000000000000000        0x8 build/init.o
 .text.__x86.get_pc_thunk.bx
                0x0000000000000000        0x4 build/init.o
 .note.GNU-stack
                0x0000000000000000        0x0 build/init.o
 .group         0x0000000000000000        0x8 build/console.o
 .group         0x0000000000000000        0x8 build/console.o
 .text.__x86.get_pc_thunk.bx
                0x0000000000000000        0x4 build/console.o
 .note.GNU-stack
                0x0000000000000000        0x0 build/console.o
 .group         0x0000000000000000        0x8 build/sync.o
 .group         0x0000000000000000        0x8 build/sync.o
 .text.__x86.get_pc_thunk.ax
                0x0000000000000000        0x4 build/sync.o
 .text.__x86.get_pc_thunk.bx
                0x0000000000000000        0x4 build/sync.o
 .note.GNU-stack
                0x0000000000000000        0x0 build/sync.o
 .group         0x0000000000000000        0x8 build/list.o
 .group         0x0000000000000000        0x8 build/list.o
 .text.__x86.get_pc_thunk.ax
                0x0000000000000000        0x4 build/list.o
 .text.__x86.get_pc_thunk.bx
                0x0000000000000000        0x4 build/list.o
 .note.GNU-stack
                0x0000000000000000        0x0 build/list.o
 .group         0x0000000000000000        0x8 build/interrupt.o
 .group         0x0000000000000000        0x8 build/interrupt.o
 .text.__x86.get_pc_thunk.ax
                0x0000000000000000        0x4 build/interrupt.o
 .text.__x86.get_pc_thunk.bx
                0x0000000000000000        0x4 build/interrupt.o
 .note.GNU-stack
                0x0000000000000000        0x0 build/interrupt.o
 .group         0x0000000000000000        0x8 build/timer.o
 .group         0x0000000000000000        0x8 build/timer.o
 .text.__x86.get_pc_thunk.ax
                0x0000000000000000        0x4 build/timer.o
 .text.__x86.get_pc_thunk.bx
                0x0000000000000000        0x4 build/timer.o
 .note.GNU-stack
                0x0000000000000000        0x0 build/timer.o
 .group         0x0000000000000000        0x8 build/thread.o
 .group         0x0000000000000000        0x8 build/thread.o
 .text.__x86.get_pc_thunk.ax
                0x0000000000000000        0x4 build/thread.o
 .text.__x86.get_pc_thunk.bx
                0x0000000000000000        0x4 build/thread.o
 .note.GNU-stack
                0x0000000000000000        0x0 build/thread.o
 .group         0x0000000000000000        0x8 build/memory.o
 .group         0x0000000000000000        0x8 build/memory.o
 .text.__x86.get_pc_thunk.ax
                0x0000000000000000        0x4 build/memory.o
 .text.__x86.get_pc_thunk.bx
                0x0000000000000000        0x4 build/memory.o
 .note.GNU-stack
                0x0000000000000000        0x0 build/memory.o
 .group         0x0000000000000000        0x8 build/bitmap.o
 .text.__x86.get_pc_thunk.ax
                0x0000000000000000        0x4 build/bitmap.o
 .note.GNU-stack
                0x0000000000000000        0x0 build/bitmap.o
 .group         0x0000000000000000        0x8 build/string.o
 .text.__x86.get_pc_thunk.ax
                0x0000000000000000        0x4 build/string.o
 .note.GNU-stack
                0x0000000000000000        0x0 build/string.o

Memory Configuration

Name             Origin             Length             Attributes
*default*        0x0000000000000000 0xffffffffffffffff

Linker script and memory map

Address of section .text set to 0xc0015000
LOAD build/main.o
LOAD build/init.o
LOAD build/console.o
LOAD build/sync.o
LOAD build/list.o
LOAD build/switch.o
LOAD build/interrupt.o
LOAD build/timer.o
LOAD build/thread.o
LOAD build/memory.o
LOAD build/bitmap.o
LOAD build/kernel.o
LOAD build/print.o
LOAD build/string.o
                [!provide]                        PROVIDE (__executable_start = SEGMENT_START ("text-segment", 0x8048000))
                0x0000000008048094                . = (SEGMENT_START ("text-segment", 0x8048000) + SIZEOF_HEADERS)

.interp
 *(.interp)

.note.gnu.build-id
 *(.note.gnu.build-id)

.hash
 *(.hash)

.gnu.hash
 *(.gnu.hash)

.dynsym
 *(.dynsym)

.dynstr
 *(.dynstr)

.gnu.version
 *(.gnu.version)

.gnu.version_d
 *(.gnu.version_d)

.gnu.version_r
 *(.gnu.version_r)

.rel.init
 *(.rel.init)

.rel.text       0x0000000008048094        0x0
 *(.rel.text .rel.text.* .rel.gnu.linkonce.t.*)
 .rel.text      0x0000000008048094        0x0 build/main.o

.rel.fini
 *(.rel.fini)

.rel.rodata
 *(.rel.rodata .rel.rodata.* .rel.gnu.linkonce.r.*)

.rel.data.rel.ro
 *(.rel.data.rel.ro .rel.data.rel.ro.* .rel.gnu.linkonce.d.rel.ro.*)

.rel.data
 *(.rel.data .rel.data.* .rel.gnu.linkonce.d.*)

.rel.tdata
 *(.rel.tdata .rel.tdata.* .rel.gnu.linkonce.td.*)

.rel.tbss
 *(.rel.tbss .rel.tbss.* .rel.gnu.linkonce.tb.*)

.rel.ctors
 *(.rel.ctors)

.rel.dtors
 *(.rel.dtors)

.rel.got        0x0000000008048094        0x0
 *(.rel.got)
 .rel.got       0x0000000008048094        0x0 build/main.o

.rel.bss
 *(.rel.bss .rel.bss.* .rel.gnu.linkonce.b.*)

.rel.ifunc
 *(.rel.ifunc)

.rel.plt        0x0000000008048094        0x0
 *(.rel.plt)
                [!provide]                        PROVIDE (__rel_iplt_start = .)
 *(.rel.iplt)
 .rel.iplt      0x0000000008048094        0x0 build/main.o
                [!provide]                        PROVIDE (__rel_iplt_end = .)

.init
 *(SORT_NONE(.init))

.plt            0x0000000008048098        0x0
 *(.plt)
 *(.iplt)
 .iplt          0x0000000008048098        0x0 build/main.o

.plt.got
 *(.plt.got)

.plt.sec
 *(.plt.sec)

.text           0x00000000c0015000     0x220b
 *(.text.unlikely .text.*_unlikely .text.unlikely.*)
 *(.text.exit .text.exit.*)
 *(.text.startup .text.startup.*)
 *(.text.hot .text.hot.*)
 *(.text .stub .text.* .gnu.linkonce.t.*)
 .text          0x00000000c0015000       0xe5 build/main.o
                0x00000000c0015000                main
                0x00000000c0015095                k_thread_test
                0x00000000c00150bd                k_thread_test2
 .text.__x86.get_pc_thunk.bx
                0x00000000c00150e5        0x4 build/main.o
                0x00000000c00150e5                __x86.get_pc_thunk.bx
 .text          0x00000000c00150e9       0x43 build/init.o
                0x00000000c00150e9                init_all
 .text          0x00000000c001512c      0x119 build/console.o
                0x00000000c001512c                console_init
                0x00000000c0015157                console_acquire
                0x00000000c0015182                console_release
                0x00000000c00151ad                console_put_str
                0x00000000c00151dd                console_put_char
                0x00000000c0015215                console_put_int
 .text.__x86.get_pc_thunk.ax
                0x00000000c0015245        0x4 build/console.o
                0x00000000c0015245                __x86.get_pc_thunk.ax
 .text          0x00000000c0015249      0x20e build/sync.o
                0x00000000c0015249                sema_init
                0x00000000c0015283                lock_init
                0x00000000c00152bd                sema_down
                0x00000000c001532d                sema_up
                0x00000000c00153a5                lock_acquire
                0x00000000c0015404                lock_release
 .text          0x00000000c0015457      0x25e build/list.o
                0x00000000c0015457                list_init
                0x00000000c001548f                list_insert_before
                0x00000000c00154e3                list_push
                0x00000000c001550b                list_append
                0x00000000c0015533                list_remove
                0x00000000c001557c                list_pop
                0x00000000c00155a8                elem_find
                0x00000000c00155ed                list_empty
                0x00000000c0015610                list_length
                0x00000000c001564f                list_traversal
 *fill*         0x00000000c00156b5        0xb 
 .text          0x00000000c00156c0       0x15 build/switch.o
                0x00000000c00156c0                switch_to
 .text          0x00000000c00156d5      0x55a build/interrupt.o
                0x00000000c0015adb                idt_init
                0x00000000c0015b5b                intr_get_status
                0x00000000c0015b7b                intr_enable
                0x00000000c0015bae                intr_disable
                0x00000000c0015be1                intr_set_status
                0x00000000c0015c06                register_handler
 .text          0x00000000c0015c2f      0x19e build/timer.o
                0x00000000c0015d65                timer_init
 .text          0x00000000c0015dcd      0x46c build/thread.o
                0x00000000c0015df9                running_thread
                0x00000000c0015e18                thread_create
                0x00000000c0015eb2                init_thread
                0x00000000c0015f57                thread_start
                0x00000000c0016061                schedule
                0x00000000c0016104                thread_init
                0x00000000c0016169                thread_block
                0x00000000c00161ad                thread_unblock
 .text          0x00000000c0016239      0x57f build/memory.o
                0x00000000c00164f9                pte_ptr
                0x00000000c001652a                pde_ptr
                0x00000000c001666a                malloc_page
                0x00000000c001672b                get_kernel_pages
                0x00000000c0016775                mem_init
 .text          0x00000000c00167b8      0x22b build/bitmap.o
                0x00000000c00167b8                bitmap_init
                0x00000000c00167eb                bitmap_scan_test
                0x00000000c0016835                bitmap_scan
                0x00000000c0016947                bitmap_set
 *fill*         0x00000000c00169e3        0xd 
 .text          0x00000000c00169f0      0x39d build/kernel.o
                0x00000000c00169f0                intr_exit
 *fill*         0x00000000c0016d8d        0x3 
 .text          0x00000000c0016d90      0x17e build/print.o
                0x00000000c0016d90                put_char
                0x00000000c0016e5c                put_str
                0x00000000c0016e7a                put_int
                0x00000000c0016eea                set_cursor
 .text          0x00000000c0016f0e      0x2fd build/string.o
                0x00000000c0016f0e                memset
                0x00000000c0016f51                memcpy
                0x00000000c0016fa2                memcmp
                0x00000000c0017018                strcpy
                0x00000000c0017060                strlen
                0x00000000c001709a                strcmp
                0x00000000c00170ef                strchr
                0x00000000c001712c                strrchr
                0x00000000c001716f                strcat
                0x00000000c00171be                strchrs
 *(.gnu.warning)

.fini
 *(SORT_NONE(.fini))
                [!provide]                        PROVIDE (__etext = .)
                [!provide]                        PROVIDE (_etext = .)
                [!provide]                        PROVIDE (etext = .)

.rodata         0x00000000c001720c      0x479
 *(.rodata .rodata.* .gnu.linkonce.r.*)
 .rodata        0x00000000c001720c       0x4b build/main.o
 .rodata        0x00000000c0017257       0x11 build/init.o
 .rodata        0x00000000c0017268      0x2de build/interrupt.o
 .rodata        0x00000000c0017546       0x25 build/timer.o
 .rodata        0x00000000c001756b       0x77 build/thread.o
 *fill*         0x00000000c00175e2        0x2 
 .rodata        0x00000000c00175e4       0xa1 build/memory.o

.rodata1
 *(.rodata1)

.eh_frame_hdr
 *(.eh_frame_hdr)
 *(.eh_frame_entry .eh_frame_entry.*)

.eh_frame       0x00000000c0017688      0xa54
 *(.eh_frame)
 .eh_frame      0x00000000c0017688       0x8c build/main.o
 .eh_frame      0x00000000c0017714       0x24 build/init.o
                                         0x50 (size before relaxing)
 .eh_frame      0x00000000c0017738       0xec build/console.o
                                        0x118 (size before relaxing)
 .eh_frame      0x00000000c0017824       0xd4 build/sync.o
                                        0x114 (size before relaxing)
 .eh_frame      0x00000000c00178f8      0x148 build/list.o
                                        0x188 (size before relaxing)
 .eh_frame      0x00000000c0017a40      0x19c build/interrupt.o
                                        0x1dc (size before relaxing)
 .eh_frame      0x00000000c0017bdc       0x94 build/timer.o
                                         0xd4 (size before relaxing)
 .eh_frame      0x00000000c0017c70      0x164 build/thread.o
                                        0x1a4 (size before relaxing)
 .eh_frame      0x00000000c0017dd4      0x13c build/memory.o
                                        0x17c (size before relaxing)
 .eh_frame      0x00000000c0017f10       0x8c build/bitmap.o
                                         0xb8 (size before relaxing)
 .eh_frame      0x00000000c0017f9c      0x140 build/string.o
                                        0x16c (size before relaxing)
 *(.eh_frame.*)

.gcc_except_table
 *(.gcc_except_table .gcc_except_table.*)

.gnu_extab
 *(.gnu_extab*)

.exception_ranges
 *(.exception_ranges .exception_ranges*)
                0x00000000c001a000                . = DATA_SEGMENT_ALIGN (CONSTANT (MAXPAGESIZE), CONSTANT (COMMONPAGESIZE))

.eh_frame
 *(.eh_frame)
 *(.eh_frame.*)

.gnu_extab
 *(.gnu_extab)

.gcc_except_table
 *(.gcc_except_table .gcc_except_table.*)

.exception_ranges
 *(.exception_ranges .exception_ranges*)

.tdata          0x00000000c001a000        0x0
                [!provide]                        PROVIDE (__tdata_start = .)
 *(.tdata .tdata.* .gnu.linkonce.td.*)

.tbss
 *(.tbss .tbss.* .gnu.linkonce.tb.*)
 *(.tcommon)

.preinit_array  0x00000000c001a000        0x0
                [!provide]                        PROVIDE (__preinit_array_start = .)
 *(.preinit_array)
                [!provide]                        PROVIDE (__preinit_array_end = .)

.init_array     0x00000000c001a000        0x0
                [!provide]                        PROVIDE (__init_array_start = .)
 *(SORT_BY_INIT_PRIORITY(.init_array.*) SORT_BY_INIT_PRIORITY(.ctors.*))
 *(.init_array EXCLUDE_FILE(*crtend?.o *crtend.o *crtbegin?.o *crtbegin.o) .ctors)
                [!provide]                        PROVIDE (__init_array_end = .)

.fini_array     0x00000000c001a000        0x0
                [!provide]                        PROVIDE (__fini_array_start = .)
 *(SORT_BY_INIT_PRIORITY(.fini_array.*) SORT_BY_INIT_PRIORITY(.dtors.*))
 *(.fini_array EXCLUDE_FILE(*crtend?.o *crtend.o *crtbegin?.o *crtbegin.o) .dtors)
                [!provide]                        PROVIDE (__fini_array_end = .)

.ctors
 *crtbegin.o(.ctors)
 *crtbegin?.o(.ctors)
 *(EXCLUDE_FILE(*crtend?.o *crtend.o) .ctors)
 *(SORT_BY_NAME(.ctors.*))
 *(.ctors)

.dtors
 *crtbegin.o(.dtors)
 *crtbegin?.o(.dtors)
 *(EXCLUDE_FILE(*crtend?.o *crtend.o) .dtors)
 *(SORT_BY_NAME(.dtors.*))
 *(.dtors)

.jcr
 *(.jcr)

.data.rel.ro
 *(.data.rel.ro.local* .gnu.linkonce.d.rel.ro.local.*)
 *(.data.rel.ro .data.rel.ro.* .gnu.linkonce.d.rel.ro.*)

.dynamic
 *(.dynamic)

.got            0x00000000c001a000        0x0
 *(.got)
 .got           0x00000000c001a000        0x0 build/main.o
 *(.igot)
                0x00000000c001aff4                . = DATA_SEGMENT_RELRO_END (., (SIZEOF (.got.plt) >= 0xc)?0xc:0x0)

.got.plt        0x00000000c001a000        0xc
 *(.got.plt)
 .got.plt       0x00000000c001a000        0xc build/main.o
                0x00000000c001a000                _GLOBAL_OFFSET_TABLE_
 *(.igot.plt)
 .igot.plt      0x00000000c001a00c        0x0 build/main.o

.data           0x00000000c001a00c       0x8f
 *(.data .data.* .gnu.linkonce.d.*)
 .data          0x00000000c001a00c        0x0 build/main.o
 .data          0x00000000c001a00c        0x0 build/init.o
 .data          0x00000000c001a00c        0x0 build/console.o
 .data          0x00000000c001a00c        0x0 build/sync.o
 .data          0x00000000c001a00c        0x0 build/list.o
 .data          0x00000000c001a00c        0x0 build/interrupt.o
 .data          0x00000000c001a00c        0x0 build/timer.o
 .data          0x00000000c001a00c        0x0 build/thread.o
 .data          0x00000000c001a00c        0x0 build/memory.o
 .data          0x00000000c001a00c        0x0 build/bitmap.o
 .data          0x00000000c001a00c       0x84 build/kernel.o
                0x00000000c001a00c                intr_entry_table
 .data          0x00000000c001a090        0xb build/print.o
 .data          0x00000000c001a09b        0x0 build/string.o

.data1
 *(.data1)
                0x00000000c001a09b                _edata = .
                [!provide]                        PROVIDE (edata = .)
                0x00000000c001a09b                . = .
                0x00000000c001a09b                __bss_start = .

.bss            0x00000000c001a0a0      0x2b8
 *(.dynbss)
 *(.bss .bss.* .gnu.linkonce.b.*)
 .bss           0x00000000c001a0a0        0x0 build/main.o
 .bss           0x00000000c001a0a0        0x0 build/init.o
 .bss           0x00000000c001a0a0       0x1c build/console.o
 .bss           0x00000000c001a0bc        0x0 build/sync.o
 .bss           0x00000000c001a0bc        0x0 build/list.o
 *fill*         0x00000000c001a0bc        0x4 
 .bss           0x00000000c001a0c0      0x108 build/interrupt.o
 .bss           0x00000000c001a1c8        0x0 build/timer.o
 .bss           0x00000000c001a1c8        0x4 build/thread.o
 .bss           0x00000000c001a1cc        0x0 build/memory.o
 .bss           0x00000000c001a1cc        0x0 build/bitmap.o
 .bss           0x00000000c001a1cc        0x0 build/string.o
 *(COMMON)
 *fill*         0x00000000c001a1cc       0x14 
 COMMON         0x00000000c001a1e0      0x124 build/interrupt.o
                0x00000000c001a1e0                intr_name
                0x00000000c001a280                idt_table
 COMMON         0x00000000c001a304        0x4 build/timer.o
                0x00000000c001a304                ticks
 COMMON         0x00000000c001a308       0x24 build/thread.o
                0x00000000c001a308                thread_ready_list
                0x00000000c001a318                thread_all_list
                0x00000000c001a328                main_thread
 COMMON         0x00000000c001a32c       0x2c build/memory.o
                0x00000000c001a32c                usr_pool
                0x00000000c001a33c                kernel_vaddr
                0x00000000c001a348                kernel_pool
                0x00000000c001a358                . = ALIGN ((. != 0x0)?0x4:0x1)
                0x00000000c001a358                . = ALIGN (0x4)
                0x00000000c001a358                . = SEGMENT_START ("ldata-segment", .)
                0x00000000c001a358                . = ALIGN (0x4)
                0x00000000c001a358                _end = .
                [!provide]                        PROVIDE (end = .)
                0x00000000c001a358                . = DATA_SEGMENT_END (.)

.stab
 *(.stab)

.stabstr
 *(.stabstr)

.stab.excl
 *(.stab.excl)

.stab.exclstr
 *(.stab.exclstr)

.stab.index
 *(.stab.index)

.stab.indexstr
 *(.stab.indexstr)

.comment        0x0000000000000000       0x1c
 *(.comment)
 .comment       0x0000000000000000       0x1c build/main.o
                                         0x1d (size before relaxing)
 .comment       0x000000000000001c       0x1d build/init.o
 .comment       0x000000000000001c       0x1d build/console.o
 .comment       0x000000000000001c       0x1d build/sync.o
 .comment       0x000000000000001c       0x1d build/list.o
 .comment       0x000000000000001c       0x1d build/interrupt.o
 .comment       0x000000000000001c       0x1d build/timer.o
 .comment       0x000000000000001c       0x1d build/thread.o
 .comment       0x000000000000001c       0x1d build/memory.o
 .comment       0x000000000000001c       0x1d build/bitmap.o
 .comment       0x000000000000001c       0x1d build/string.o

.debug
 *(.debug)

.line
 *(.line)

.debug_srcinfo
 *(.debug_srcinfo)

.debug_sfnames
 *(.debug_sfnames)

.debug_aranges
 *(.debug_aranges)

.debug_pubnames
 *(.debug_pubnames)

.debug_info
 *(.debug_info .gnu.linkonce.wi.*)

.debug_abbrev
 *(.debug_abbrev)

.debug_line
 *(.debug_line .debug_line.* .debug_line_end)

.debug_frame
 *(.debug_frame)

.debug_str
 *(.debug_str)

.debug_loc
 *(.debug_loc)

.debug_macinfo
 *(.debug_macinfo)

.debug_weaknames
 *(.debug_weaknames)

.debug_funcnames
 *(.debug_funcnames)

.debug_typenames
 *(.debug_typenames)

.debug_varnames
 *(.debug_varnames)

.debug_pubtypes
 *(.debug_pubtypes)

.debug_ranges
 *(.debug_ranges)

.debug_macro
 *(.debug_macro)

.debug_addr
 *(.debug_addr)

.gnu.attributes
 *(.gnu.attributes)

/DISCARD/
 *(.note.GNU-stack)
 *(.gnu_debuglink)
 *(.gnu.lto_*)
OUTPUT(build/kernel.bin elf32-i386)
