
Allocating common symbols
Common symbol       size              file

usr_pool            0x10              build/memory.o
kbd_buf             0x6c              build/keyboard.o
thread_ready_list   0x10              build/thread.o
thread_all_list     0x10              build/thread.o
intr_name           0xc0              build/interrupt.o
main_thread         0x4               build/thread.o
ticks               0x4               build/timer.o
kernel_vaddr        0xc               build/memory.o
idt_table           0xc0              build/interrupt.o
kernel_pool         0x10              build/memory.o

Discarded input sections

 .group         0x0000000000000000        0x8 build/main.o
 .note.GNU-stack
                0x0000000000000000        0x0 build/main.o
 .group         0x0000000000000000        0x8 build/ioqueue.o
 .group         0x0000000000000000        0x8 build/ioqueue.o
 .text.__x86.get_pc_thunk.bx
                0x0000000000000000        0x4 build/ioqueue.o
 .note.GNU-stack
                0x0000000000000000        0x0 build/ioqueue.o
 .group         0x0000000000000000        0x8 build/keyboard.o
 .group         0x0000000000000000        0x8 build/keyboard.o
 .text.__x86.get_pc_thunk.ax
                0x0000000000000000        0x4 build/keyboard.o
 .text.__x86.get_pc_thunk.bx
                0x0000000000000000        0x4 build/keyboard.o
 .note.GNU-stack
                0x0000000000000000        0x0 build/keyboard.o
 .group         0x0000000000000000        0x8 build/init.o
 .text.__x86.get_pc_thunk.bx
                0x0000000000000000        0x4 build/init.o
 .note.GNU-stack
                0x0000000000000000        0x0 build/init.o
 .group         0x0000000000000000        0x8 build/console.o
 .group         0x0000000000000000        0x8 build/console.o
 .text.__x86.get_pc_thunk.ax
                0x0000000000000000        0x4 build/console.o
 .text.__x86.get_pc_thunk.bx
                0x0000000000000000        0x4 build/console.o
 .note.GNU-stack
                0x0000000000000000        0x0 build/console.o
 .group         0x0000000000000000        0x8 build/sync.o
 .group         0x0000000000000000        0x8 build/sync.o
 .text.__x86.get_pc_thunk.ax
                0x0000000000000000        0x4 build/sync.o
 .text.__x86.get_pc_thunk.bx
                0x0000000000000000        0x4 build/sync.o
 .note.GNU-stack
                0x0000000000000000        0x0 build/sync.o
 .group         0x0000000000000000        0x8 build/list.o
 .group         0x0000000000000000        0x8 build/list.o
 .text.__x86.get_pc_thunk.ax
                0x0000000000000000        0x4 build/list.o
 .text.__x86.get_pc_thunk.bx
                0x0000000000000000        0x4 build/list.o
 .note.GNU-stack
                0x0000000000000000        0x0 build/list.o
 .group         0x0000000000000000        0x8 build/interrupt.o
 .group         0x0000000000000000        0x8 build/interrupt.o
 .text.__x86.get_pc_thunk.ax
                0x0000000000000000        0x4 build/interrupt.o
 .text.__x86.get_pc_thunk.bx
                0x0000000000000000        0x4 build/interrupt.o
 .note.GNU-stack
                0x0000000000000000        0x0 build/interrupt.o
 .group         0x0000000000000000        0x8 build/timer.o
 .group         0x0000000000000000        0x8 build/timer.o
 .text.__x86.get_pc_thunk.ax
                0x0000000000000000        0x4 build/timer.o
 .text.__x86.get_pc_thunk.bx
                0x0000000000000000        0x4 build/timer.o
 .note.GNU-stack
                0x0000000000000000        0x0 build/timer.o
 .group         0x0000000000000000        0x8 build/thread.o
 .group         0x0000000000000000        0x8 build/thread.o
 .text.__x86.get_pc_thunk.ax
                0x0000000000000000        0x4 build/thread.o
 .text.__x86.get_pc_thunk.bx
                0x0000000000000000        0x4 build/thread.o
 .note.GNU-stack
                0x0000000000000000        0x0 build/thread.o
 .group         0x0000000000000000        0x8 build/memory.o
 .group         0x0000000000000000        0x8 build/memory.o
 .text.__x86.get_pc_thunk.ax
                0x0000000000000000        0x4 build/memory.o
 .text.__x86.get_pc_thunk.bx
                0x0000000000000000        0x4 build/memory.o
 .note.GNU-stack
                0x0000000000000000        0x0 build/memory.o
 .group         0x0000000000000000        0x8 build/bitmap.o
 .text.__x86.get_pc_thunk.ax
                0x0000000000000000        0x4 build/bitmap.o
 .note.GNU-stack
                0x0000000000000000        0x0 build/bitmap.o
 .group         0x0000000000000000        0x8 build/string.o
 .text.__x86.get_pc_thunk.ax
                0x0000000000000000        0x4 build/string.o
 .note.GNU-stack
                0x0000000000000000        0x0 build/string.o

Memory Configuration

Name             Origin             Length             Attributes
*default*        0x0000000000000000 0xffffffffffffffff

Linker script and memory map

Address of section .text set to 0xc0015000
LOAD build/main.o
LOAD build/ioqueue.o
LOAD build/keyboard.o
LOAD build/init.o
LOAD build/console.o
LOAD build/sync.o
LOAD build/list.o
LOAD build/switch.o
LOAD build/interrupt.o
LOAD build/timer.o
LOAD build/thread.o
LOAD build/memory.o
LOAD build/bitmap.o
LOAD build/kernel.o
LOAD build/print.o
LOAD build/string.o
                [!provide]                        PROVIDE (__executable_start = SEGMENT_START ("text-segment", 0x8048000))
                0x0000000008048094                . = (SEGMENT_START ("text-segment", 0x8048000) + SIZEOF_HEADERS)

.interp
 *(.interp)

.note.gnu.build-id
 *(.note.gnu.build-id)

.hash
 *(.hash)

.gnu.hash
 *(.gnu.hash)

.dynsym
 *(.dynsym)

.dynstr
 *(.dynstr)

.gnu.version
 *(.gnu.version)

.gnu.version_d
 *(.gnu.version_d)

.gnu.version_r
 *(.gnu.version_r)

.rel.init
 *(.rel.init)

.rel.text       0x0000000008048094        0x0
 *(.rel.text .rel.text.* .rel.gnu.linkonce.t.*)
 .rel.text      0x0000000008048094        0x0 build/main.o

.rel.fini
 *(.rel.fini)

.rel.rodata
 *(.rel.rodata .rel.rodata.* .rel.gnu.linkonce.r.*)

.rel.data.rel.ro
 *(.rel.data.rel.ro .rel.data.rel.ro.* .rel.gnu.linkonce.d.rel.ro.*)

.rel.data
 *(.rel.data .rel.data.* .rel.gnu.linkonce.d.*)

.rel.tdata
 *(.rel.tdata .rel.tdata.* .rel.gnu.linkonce.td.*)

.rel.tbss
 *(.rel.tbss .rel.tbss.* .rel.gnu.linkonce.tb.*)

.rel.ctors
 *(.rel.ctors)

.rel.dtors
 *(.rel.dtors)

.rel.got        0x0000000008048094        0x0
 *(.rel.got)
 .rel.got       0x0000000008048094        0x0 build/main.o

.rel.bss
 *(.rel.bss .rel.bss.* .rel.gnu.linkonce.b.*)

.rel.ifunc
 *(.rel.ifunc)

.rel.plt        0x0000000008048094        0x0
 *(.rel.plt)
                [!provide]                        PROVIDE (__rel_iplt_start = .)
 *(.rel.iplt)
 .rel.iplt      0x0000000008048094        0x0 build/main.o
                [!provide]                        PROVIDE (__rel_iplt_end = .)

.init
 *(SORT_NONE(.init))

.plt            0x0000000008048098        0x0
 *(.plt)
 *(.iplt)
 .iplt          0x0000000008048098        0x0 build/main.o

.plt.got
 *(.plt.got)

.plt.sec
 *(.plt.sec)

.text           0x00000000c0015000     0x289b
 *(.text.unlikely .text.*_unlikely .text.unlikely.*)
 *(.text.exit .text.exit.*)
 *(.text.startup .text.startup.*)
 *(.text.hot .text.hot.*)
 *(.text .stub .text.* .gnu.linkonce.t.*)
 .text          0x00000000c0015000       0x95 build/main.o
                0x00000000c0015000                main
                0x00000000c0015045                k_thread_test
                0x00000000c001506d                k_thread_test2
 .text.__x86.get_pc_thunk.bx
                0x00000000c0015095        0x4 build/main.o
                0x00000000c0015095                __x86.get_pc_thunk.bx
 .text          0x00000000c0015099      0x27e build/ioqueue.o
                0x00000000c0015099                ioqueue_init
                0x00000000c0015113                ioq_full
                0x00000000c00151c8                ioq_getchar
                0x00000000c001526e                ioq_putchar
 .text.__x86.get_pc_thunk.ax
                0x00000000c0015317        0x4 build/ioqueue.o
                0x00000000c0015317                __x86.get_pc_thunk.ax
 .text          0x00000000c001531b      0x2b0 build/keyboard.o
                0x00000000c0015569                keyboard_init
 .text          0x00000000c00155cb       0x48 build/init.o
                0x00000000c00155cb                init_all
 .text          0x00000000c0015613      0x119 build/console.o
                0x00000000c0015613                console_init
                0x00000000c001563e                console_acquire
                0x00000000c0015669                console_release
                0x00000000c0015694                console_put_str
                0x00000000c00156c4                console_put_char
                0x00000000c00156fc                console_put_int
 .text          0x00000000c001572c      0x20e build/sync.o
                0x00000000c001572c                sema_init
                0x00000000c0015766                lock_init
                0x00000000c00157a0                sema_down
                0x00000000c0015810                sema_up
                0x00000000c0015888                lock_acquire
                0x00000000c00158e7                lock_release
 .text          0x00000000c001593a      0x25e build/list.o
                0x00000000c001593a                list_init
                0x00000000c0015972                list_insert_before
                0x00000000c00159c6                list_push
                0x00000000c00159ee                list_append
                0x00000000c0015a16                list_remove
                0x00000000c0015a5f                list_pop
                0x00000000c0015a8b                elem_find
                0x00000000c0015ad0                list_empty
                0x00000000c0015af3                list_length
                0x00000000c0015b32                list_traversal
 *fill*         0x00000000c0015b98        0x8 
 .text          0x00000000c0015ba0       0x15 build/switch.o
                0x00000000c0015ba0                switch_to
 .text          0x00000000c0015bb5      0x55a build/interrupt.o
                0x00000000c0015fbb                idt_init
                0x00000000c001603b                intr_get_status
                0x00000000c001605b                intr_enable
                0x00000000c001608e                intr_disable
                0x00000000c00160c1                intr_set_status
                0x00000000c00160e6                register_handler
 .text          0x00000000c001610f      0x19e build/timer.o
                0x00000000c0016245                timer_init
 .text          0x00000000c00162ad      0x46c build/thread.o
                0x00000000c00162d9                running_thread
                0x00000000c00162f8                thread_create
                0x00000000c0016392                init_thread
                0x00000000c0016437                thread_start
                0x00000000c0016541                schedule
                0x00000000c00165e4                thread_init
                0x00000000c0016649                thread_block
                0x00000000c001668d                thread_unblock
 .text          0x00000000c0016719      0x57f build/memory.o
                0x00000000c00169d9                pte_ptr
                0x00000000c0016a0a                pde_ptr
                0x00000000c0016b4a                malloc_page
                0x00000000c0016c0b                get_kernel_pages
                0x00000000c0016c55                mem_init
 .text          0x00000000c0016c98      0x22b build/bitmap.o
                0x00000000c0016c98                bitmap_init
                0x00000000c0016ccb                bitmap_scan_test
                0x00000000c0016d15                bitmap_scan
                0x00000000c0016e27                bitmap_set
 *fill*         0x00000000c0016ec3        0xd 
 .text          0x00000000c0016ed0      0x541 build/kernel.o
                0x00000000c0016ed0                intr_exit
 *fill*         0x00000000c0017411        0xf 
 .text          0x00000000c0017420      0x17e build/print.o
                0x00000000c0017420                put_char
                0x00000000c00174ec                put_str
                0x00000000c001750a                put_int
                0x00000000c001757a                set_cursor
 .text          0x00000000c001759e      0x2fd build/string.o
                0x00000000c001759e                memset
                0x00000000c00175e1                memcpy
                0x00000000c0017632                memcmp
                0x00000000c00176a8                strcpy
                0x00000000c00176f0                strlen
                0x00000000c001772a                strcmp
                0x00000000c001777f                strchr
                0x00000000c00177bc                strrchr
                0x00000000c00177ff                strcat
                0x00000000c001784e                strchrs
 *(.gnu.warning)

.fini
 *(SORT_NONE(.fini))
                [!provide]                        PROVIDE (__etext = .)
                [!provide]                        PROVIDE (_etext = .)
                [!provide]                        PROVIDE (etext = .)

.rodata         0x00000000c001789c      0x475
 *(.rodata .rodata.* .gnu.linkonce.r.*)
 .rodata        0x00000000c001789c        0xe build/main.o
 .rodata        0x00000000c00178aa       0x36 build/keyboard.o
 .rodata        0x00000000c00178e0       0x11 build/init.o
 *fill*         0x00000000c00178f1        0x3 
 .rodata        0x00000000c00178f4      0x2de build/interrupt.o
 .rodata        0x00000000c0017bd2       0x25 build/timer.o
 .rodata        0x00000000c0017bf7       0x77 build/thread.o
 *fill*         0x00000000c0017c6e        0x2 
 .rodata        0x00000000c0017c70       0xa1 build/memory.o

.rodata1
 *(.rodata1)

.eh_frame_hdr
 *(.eh_frame_hdr)
 *(.eh_frame_entry .eh_frame_entry.*)

.eh_frame       0x00000000c0017d14      0xbd0
 *(.eh_frame)
 .eh_frame      0x00000000c0017d14       0x8c build/main.o
 .eh_frame      0x00000000c0017da0      0x128 build/ioqueue.o
                                        0x154 (size before relaxing)
 .eh_frame      0x00000000c0017ec8       0x68 build/keyboard.o
                                         0xa8 (size before relaxing)
 .eh_frame      0x00000000c0017f30       0x24 build/init.o
                                         0x50 (size before relaxing)
 .eh_frame      0x00000000c0017f54       0xd8 build/console.o
                                        0x118 (size before relaxing)
 .eh_frame      0x00000000c001802c       0xd4 build/sync.o
                                        0x114 (size before relaxing)
 .eh_frame      0x00000000c0018100      0x148 build/list.o
                                        0x188 (size before relaxing)
 .eh_frame      0x00000000c0018248      0x19c build/interrupt.o
                                        0x1dc (size before relaxing)
 .eh_frame      0x00000000c00183e4       0x94 build/timer.o
                                         0xd4 (size before relaxing)
 .eh_frame      0x00000000c0018478      0x164 build/thread.o
                                        0x1a4 (size before relaxing)
 .eh_frame      0x00000000c00185dc      0x13c build/memory.o
                                        0x17c (size before relaxing)
 .eh_frame      0x00000000c0018718       0x8c build/bitmap.o
                                         0xb8 (size before relaxing)
 .eh_frame      0x00000000c00187a4      0x140 build/string.o
                                        0x16c (size before relaxing)
 *(.eh_frame.*)

.gcc_except_table
 *(.gcc_except_table .gcc_except_table.*)

.gnu_extab
 *(.gnu_extab*)

.exception_ranges
 *(.exception_ranges .exception_ranges*)
                0x00000000c001a000                . = DATA_SEGMENT_ALIGN (CONSTANT (MAXPAGESIZE), CONSTANT (COMMONPAGESIZE))

.eh_frame
 *(.eh_frame)
 *(.eh_frame.*)

.gnu_extab
 *(.gnu_extab)

.gcc_except_table
 *(.gcc_except_table .gcc_except_table.*)

.exception_ranges
 *(.exception_ranges .exception_ranges*)

.tdata          0x00000000c001a000        0x0
                [!provide]                        PROVIDE (__tdata_start = .)
 *(.tdata .tdata.* .gnu.linkonce.td.*)

.tbss
 *(.tbss .tbss.* .gnu.linkonce.tb.*)
 *(.tcommon)

.preinit_array  0x00000000c001a000        0x0
                [!provide]                        PROVIDE (__preinit_array_start = .)
 *(.preinit_array)
                [!provide]                        PROVIDE (__preinit_array_end = .)

.init_array     0x00000000c001a000        0x0
                [!provide]                        PROVIDE (__init_array_start = .)
 *(SORT_BY_INIT_PRIORITY(.init_array.*) SORT_BY_INIT_PRIORITY(.ctors.*))
 *(.init_array EXCLUDE_FILE(*crtend?.o *crtend.o *crtbegin?.o *crtbegin.o) .ctors)
                [!provide]                        PROVIDE (__init_array_end = .)

.fini_array     0x00000000c001a000        0x0
                [!provide]                        PROVIDE (__fini_array_start = .)
 *(SORT_BY_INIT_PRIORITY(.fini_array.*) SORT_BY_INIT_PRIORITY(.dtors.*))
 *(.fini_array EXCLUDE_FILE(*crtend?.o *crtend.o *crtbegin?.o *crtbegin.o) .dtors)
                [!provide]                        PROVIDE (__fini_array_end = .)

.ctors
 *crtbegin.o(.ctors)
 *crtbegin?.o(.ctors)
 *(EXCLUDE_FILE(*crtend?.o *crtend.o) .ctors)
 *(SORT_BY_NAME(.ctors.*))
 *(.ctors)

.dtors
 *crtbegin.o(.dtors)
 *crtbegin?.o(.dtors)
 *(EXCLUDE_FILE(*crtend?.o *crtend.o) .dtors)
 *(SORT_BY_NAME(.dtors.*))
 *(.dtors)

.jcr
 *(.jcr)

.data.rel.ro
 *(.data.rel.ro.local* .gnu.linkonce.d.rel.ro.local.*)
 *(.data.rel.ro .data.rel.ro.* .gnu.linkonce.d.rel.ro.*)

.dynamic
 *(.dynamic)

.got            0x00000000c001a000        0x0
 *(.got)
 .got           0x00000000c001a000        0x0 build/main.o
 *(.igot)
                0x00000000c001aff4                . = DATA_SEGMENT_RELRO_END (., (SIZEOF (.got.plt) >= 0xc)?0xc:0x0)

.got.plt        0x00000000c001a000        0xc
 *(.got.plt)
 .got.plt       0x00000000c001a000        0xc build/main.o
                0x00000000c001a000                _GLOBAL_OFFSET_TABLE_
 *(.igot.plt)
 .igot.plt      0x00000000c001a00c        0x0 build/main.o

.data           0x00000000c001a020      0x143
 *(.data .data.* .gnu.linkonce.d.*)
 .data          0x00000000c001a020        0x0 build/main.o
 .data          0x00000000c001a020        0x0 build/ioqueue.o
 .data          0x00000000c001a020       0x76 build/keyboard.o
 .data          0x00000000c001a096        0x0 build/init.o
 .data          0x00000000c001a096        0x0 build/console.o
 .data          0x00000000c001a096        0x0 build/sync.o
 .data          0x00000000c001a096        0x0 build/list.o
 .data          0x00000000c001a096        0x0 build/interrupt.o
 .data          0x00000000c001a096        0x0 build/timer.o
 .data          0x00000000c001a096        0x0 build/thread.o
 .data          0x00000000c001a096        0x0 build/memory.o
 .data          0x00000000c001a096        0x0 build/bitmap.o
 *fill*         0x00000000c001a096        0x2 
 .data          0x00000000c001a098       0xc0 build/kernel.o
                0x00000000c001a098                intr_entry_table
 .data          0x00000000c001a158        0xb build/print.o
 .data          0x00000000c001a163        0x0 build/string.o

.data1
 *(.data1)
                0x00000000c001a163                _edata = .
                [!provide]                        PROVIDE (edata = .)
                0x00000000c001a163                . = .
                0x00000000c001a163                __bss_start = .

.bss            0x00000000c001a180      0x434
 *(.dynbss)
 *(.bss .bss.* .gnu.linkonce.b.*)
 .bss           0x00000000c001a180        0x0 build/main.o
 .bss           0x00000000c001a180        0x0 build/ioqueue.o
 .bss           0x00000000c001a180       0x14 build/keyboard.o
 .bss           0x00000000c001a194        0x0 build/init.o
 .bss           0x00000000c001a194       0x1c build/console.o
 .bss           0x00000000c001a1b0        0x0 build/sync.o
 .bss           0x00000000c001a1b0        0x0 build/list.o
 *fill*         0x00000000c001a1b0       0x10 
 .bss           0x00000000c001a1c0      0x180 build/interrupt.o
 .bss           0x00000000c001a340        0x0 build/timer.o
 .bss           0x00000000c001a340        0x4 build/thread.o
 .bss           0x00000000c001a344        0x0 build/memory.o
 .bss           0x00000000c001a344        0x0 build/bitmap.o
 .bss           0x00000000c001a344        0x0 build/string.o
 *(COMMON)
 *fill*         0x00000000c001a344       0x1c 
 COMMON         0x00000000c001a360       0x6c build/keyboard.o
                0x00000000c001a360                kbd_buf
 *fill*         0x00000000c001a3cc       0x14 
 COMMON         0x00000000c001a3e0      0x180 build/interrupt.o
                0x00000000c001a3e0                intr_name
                0x00000000c001a4a0                idt_table
 COMMON         0x00000000c001a560        0x4 build/timer.o
                0x00000000c001a560                ticks
 COMMON         0x00000000c001a564       0x24 build/thread.o
                0x00000000c001a564                thread_ready_list
                0x00000000c001a574                thread_all_list
                0x00000000c001a584                main_thread
 COMMON         0x00000000c001a588       0x2c build/memory.o
                0x00000000c001a588                usr_pool
                0x00000000c001a598                kernel_vaddr
                0x00000000c001a5a4                kernel_pool
                0x00000000c001a5b4                . = ALIGN ((. != 0x0)?0x4:0x1)
                0x00000000c001a5b4                . = ALIGN (0x4)
                0x00000000c001a5b4                . = SEGMENT_START ("ldata-segment", .)
                0x00000000c001a5b4                . = ALIGN (0x4)
                0x00000000c001a5b4                _end = .
                [!provide]                        PROVIDE (end = .)
                0x00000000c001a5b4                . = DATA_SEGMENT_END (.)

.stab
 *(.stab)

.stabstr
 *(.stabstr)

.stab.excl
 *(.stab.excl)

.stab.exclstr
 *(.stab.exclstr)

.stab.index
 *(.stab.index)

.stab.indexstr
 *(.stab.indexstr)

.comment        0x0000000000000000       0x1c
 *(.comment)
 .comment       0x0000000000000000       0x1c build/main.o
                                         0x1d (size before relaxing)
 .comment       0x000000000000001c       0x1d build/ioqueue.o
 .comment       0x000000000000001c       0x1d build/keyboard.o
 .comment       0x000000000000001c       0x1d build/init.o
 .comment       0x000000000000001c       0x1d build/console.o
 .comment       0x000000000000001c       0x1d build/sync.o
 .comment       0x000000000000001c       0x1d build/list.o
 .comment       0x000000000000001c       0x1d build/interrupt.o
 .comment       0x000000000000001c       0x1d build/timer.o
 .comment       0x000000000000001c       0x1d build/thread.o
 .comment       0x000000000000001c       0x1d build/memory.o
 .comment       0x000000000000001c       0x1d build/bitmap.o
 .comment       0x000000000000001c       0x1d build/string.o

.debug
 *(.debug)

.line
 *(.line)

.debug_srcinfo
 *(.debug_srcinfo)

.debug_sfnames
 *(.debug_sfnames)

.debug_aranges
 *(.debug_aranges)

.debug_pubnames
 *(.debug_pubnames)

.debug_info
 *(.debug_info .gnu.linkonce.wi.*)

.debug_abbrev
 *(.debug_abbrev)

.debug_line
 *(.debug_line .debug_line.* .debug_line_end)

.debug_frame
 *(.debug_frame)

.debug_str
 *(.debug_str)

.debug_loc
 *(.debug_loc)

.debug_macinfo
 *(.debug_macinfo)

.debug_weaknames
 *(.debug_weaknames)

.debug_funcnames
 *(.debug_funcnames)

.debug_typenames
 *(.debug_typenames)

.debug_varnames
 *(.debug_varnames)

.debug_pubtypes
 *(.debug_pubtypes)

.debug_ranges
 *(.debug_ranges)

.debug_macro
 *(.debug_macro)

.debug_addr
 *(.debug_addr)

.gnu.attributes
 *(.gnu.attributes)

/DISCARD/
 *(.note.GNU-stack)
 *(.gnu_debuglink)
 *(.gnu.lto_*)
OUTPUT(build/kernel.bin elf32-i386)
