
Allocating common symbols
Common symbol       size              file

usr_pool            0x10              build/memory.o
intr_name           0x84              build/interrupt.o
kernel_vaddr        0xc               build/memory.o
idt_table           0x84              build/interrupt.o
kernel_pool         0x10              build/memory.o

Discarded input sections

 .group         0x0000000000000000        0x8 build/main.o
 .note.GNU-stack
                0x0000000000000000        0x0 build/main.o
 .group         0x0000000000000000        0x8 build/init.o
 .text.__x86.get_pc_thunk.bx
                0x0000000000000000        0x4 build/init.o
 .note.GNU-stack
                0x0000000000000000        0x0 build/init.o
 .group         0x0000000000000000        0x8 build/interrupt.o
 .group         0x0000000000000000        0x8 build/interrupt.o
 .text.__x86.get_pc_thunk.bx
                0x0000000000000000        0x4 build/interrupt.o
 .note.GNU-stack
                0x0000000000000000        0x0 build/interrupt.o
 .group         0x0000000000000000        0x8 build/timer.o
 .group         0x0000000000000000        0x8 build/timer.o
 .text.__x86.get_pc_thunk.ax
                0x0000000000000000        0x4 build/timer.o
 .text.__x86.get_pc_thunk.bx
                0x0000000000000000        0x4 build/timer.o
 .note.GNU-stack
                0x0000000000000000        0x0 build/timer.o
 .group         0x0000000000000000        0x8 build/thread.o
 .group         0x0000000000000000        0x8 build/thread.o
 .group         0x0000000000000000        0x8 build/thread.o
 .text.__x86.get_pc_thunk.ax
                0x0000000000000000        0x4 build/thread.o
 .text.__x86.get_pc_thunk.bx
                0x0000000000000000        0x4 build/thread.o
 .note.GNU-stack
                0x0000000000000000        0x0 build/thread.o
 .group         0x0000000000000000        0x8 build/memory.o
 .group         0x0000000000000000        0x8 build/memory.o
 .text.__x86.get_pc_thunk.ax
                0x0000000000000000        0x4 build/memory.o
 .text.__x86.get_pc_thunk.bx
                0x0000000000000000        0x4 build/memory.o
 .note.GNU-stack
                0x0000000000000000        0x0 build/memory.o
 .group         0x0000000000000000        0x8 build/bitmap.o
 .text.__x86.get_pc_thunk.ax
                0x0000000000000000        0x4 build/bitmap.o
 .note.GNU-stack
                0x0000000000000000        0x0 build/bitmap.o
 .group         0x0000000000000000        0x8 build/string.o
 .text.__x86.get_pc_thunk.ax
                0x0000000000000000        0x4 build/string.o
 .note.GNU-stack
                0x0000000000000000        0x0 build/string.o

Memory Configuration

Name             Origin             Length             Attributes
*default*        0x0000000000000000 0xffffffffffffffff

Linker script and memory map

Address of section .text set to 0xc0015000
LOAD build/main.o
LOAD build/init.o
LOAD build/interrupt.o
LOAD build/timer.o
LOAD build/thread.o
LOAD build/memory.o
LOAD build/bitmap.o
LOAD build/kernel.o
LOAD build/print.o
LOAD build/string.o
                [!provide]                        PROVIDE (__executable_start = SEGMENT_START ("text-segment", 0x8048000))
                0x0000000008048094                . = (SEGMENT_START ("text-segment", 0x8048000) + SIZEOF_HEADERS)

.interp
 *(.interp)

.note.gnu.build-id
 *(.note.gnu.build-id)

.hash
 *(.hash)

.gnu.hash
 *(.gnu.hash)

.dynsym
 *(.dynsym)

.dynstr
 *(.dynstr)

.gnu.version
 *(.gnu.version)

.gnu.version_d
 *(.gnu.version_d)

.gnu.version_r
 *(.gnu.version_r)

.rel.init
 *(.rel.init)

.rel.text       0x0000000008048094        0x0
 *(.rel.text .rel.text.* .rel.gnu.linkonce.t.*)
 .rel.text      0x0000000008048094        0x0 build/main.o

.rel.fini
 *(.rel.fini)

.rel.rodata
 *(.rel.rodata .rel.rodata.* .rel.gnu.linkonce.r.*)

.rel.data.rel.ro
 *(.rel.data.rel.ro .rel.data.rel.ro.* .rel.gnu.linkonce.d.rel.ro.*)

.rel.data
 *(.rel.data .rel.data.* .rel.gnu.linkonce.d.*)

.rel.tdata
 *(.rel.tdata .rel.tdata.* .rel.gnu.linkonce.td.*)

.rel.tbss
 *(.rel.tbss .rel.tbss.* .rel.gnu.linkonce.tb.*)

.rel.ctors
 *(.rel.ctors)

.rel.dtors
 *(.rel.dtors)

.rel.got        0x0000000008048094        0x0
 *(.rel.got)
 .rel.got       0x0000000008048094        0x0 build/main.o

.rel.bss
 *(.rel.bss .rel.bss.* .rel.gnu.linkonce.b.*)

.rel.ifunc
 *(.rel.ifunc)

.rel.plt        0x0000000008048094        0x0
 *(.rel.plt)
                [!provide]                        PROVIDE (__rel_iplt_start = .)
 *(.rel.iplt)
 .rel.iplt      0x0000000008048094        0x0 build/main.o
                [!provide]                        PROVIDE (__rel_iplt_end = .)

.init
 *(SORT_NONE(.init))

.plt            0x0000000008048098        0x0
 *(.plt)
 *(.iplt)
 .iplt          0x0000000008048098        0x0 build/main.o

.plt.got
 *(.plt.got)

.plt.sec
 *(.plt.sec)

.text           0x00000000c0015000     0x1877
 *(.text.unlikely .text.*_unlikely .text.unlikely.*)
 *(.text.exit .text.exit.*)
 *(.text.startup .text.startup.*)
 *(.text.hot .text.hot.*)
 *(.text .stub .text.* .gnu.linkonce.t.*)
 .text          0x00000000c0015000      0x124 build/main.o
                0x00000000c0015000                main
                0x00000000c00150ea                k_thread_test
 .text.__x86.get_pc_thunk.bx
                0x00000000c0015124        0x4 build/main.o
                0x00000000c0015124                __x86.get_pc_thunk.bx
 .text          0x00000000c0015128       0x39 build/init.o
                0x00000000c0015128                init_all
 .text          0x00000000c0015161      0x49d build/interrupt.o
                0x00000000c00154d3                idt_init
                0x00000000c0015553                intr_get_status
                0x00000000c0015573                intr_enable
                0x00000000c00155a6                intr_disable
                0x00000000c00155d9                intr_set_status
 .text.__x86.get_pc_thunk.ax
                0x00000000c00155fe        0x4 build/interrupt.o
                0x00000000c00155fe                __x86.get_pc_thunk.ax
 .text          0x00000000c0015602      0x116 build/timer.o
                0x00000000c00156c4                timer_init
 .text          0x00000000c0015718      0x1b7 build/thread.o
                0x00000000c0015739                thread_create
                0x00000000c00157bd                init_thread
                0x00000000c001584d                thread_start
 .text.__x86.get_pc_thunk.dx
                0x00000000c00158cf        0x4 build/thread.o
                0x00000000c00158cf                __x86.get_pc_thunk.dx
 .text          0x00000000c00158d3      0x57f build/memory.o
                0x00000000c0015b93                pte_ptr
                0x00000000c0015bc4                pde_ptr
                0x00000000c0015d04                malloc_page
                0x00000000c0015dc5                get_kernel_pages
                0x00000000c0015e0f                mem_init
 .text          0x00000000c0015e52      0x22b build/bitmap.o
                0x00000000c0015e52                bitmap_init
                0x00000000c0015e85                bitmap_scan_test
                0x00000000c0015ecf                bitmap_scan
                0x00000000c0015fe1                bitmap_set
 *fill*         0x00000000c001607d        0x3 
 .text          0x00000000c0016080      0x39d build/kernel.o
                0x00000000c0016080                intr_exit
 *fill*         0x00000000c001641d        0x3 
 .text          0x00000000c0016420      0x15a build/print.o
                0x00000000c0016420                put_char
                0x00000000c00164ec                put_str
                0x00000000c001650a                put_int
 .text          0x00000000c001657a      0x2fd build/string.o
                0x00000000c001657a                memset
                0x00000000c00165bd                memcpy
                0x00000000c001660e                memcmp
                0x00000000c0016684                strcpy
                0x00000000c00166cc                strlen
                0x00000000c0016706                strcmp
                0x00000000c001675b                strchr
                0x00000000c0016798                strrchr
                0x00000000c00167db                strcat
                0x00000000c001682a                strchrs
 *(.gnu.warning)

.fini
 *(SORT_NONE(.fini))
                [!provide]                        PROVIDE (__etext = .)
                [!provide]                        PROVIDE (_etext = .)
                [!provide]                        PROVIDE (etext = .)

.rodata         0x00000000c0016878      0x395
 *(.rodata .rodata.* .gnu.linkonce.r.*)
 .rodata        0x00000000c0016878       0x21 build/main.o
 .rodata        0x00000000c0016899       0x11 build/init.o
 *fill*         0x00000000c00168aa        0x2 
 .rodata        0x00000000c00168ac      0x276 build/interrupt.o
 .rodata        0x00000000c0016b22       0x25 build/timer.o
 .rodata        0x00000000c0016b47       0x22 build/thread.o
 *fill*         0x00000000c0016b69        0x3 
 .rodata        0x00000000c0016b6c       0xa1 build/memory.o

.rodata1
 *(.rodata1)

.eh_frame_hdr
 *(.eh_frame_hdr)
 *(.eh_frame_entry .eh_frame_entry.*)

.eh_frame       0x00000000c0016c10      0x644
 *(.eh_frame)
 .eh_frame      0x00000000c0016c10       0x7c build/main.o
 .eh_frame      0x00000000c0016c8c       0x24 build/init.o
                                         0x50 (size before relaxing)
 .eh_frame      0x00000000c0016cb0      0x190 build/interrupt.o
                                        0x1bc (size before relaxing)
 .eh_frame      0x00000000c0016e40       0x70 build/timer.o
                                         0xb0 (size before relaxing)
 .eh_frame      0x00000000c0016eb0       0x9c build/thread.o
                                         0xdc (size before relaxing)
 .eh_frame      0x00000000c0016f4c      0x13c build/memory.o
                                        0x17c (size before relaxing)
 .eh_frame      0x00000000c0017088       0x8c build/bitmap.o
                                         0xb8 (size before relaxing)
 .eh_frame      0x00000000c0017114      0x140 build/string.o
                                        0x16c (size before relaxing)
 *(.eh_frame.*)

.gcc_except_table
 *(.gcc_except_table .gcc_except_table.*)

.gnu_extab
 *(.gnu_extab*)

.exception_ranges
 *(.exception_ranges .exception_ranges*)
                0x00000000c0019000                . = DATA_SEGMENT_ALIGN (CONSTANT (MAXPAGESIZE), CONSTANT (COMMONPAGESIZE))

.eh_frame
 *(.eh_frame)
 *(.eh_frame.*)

.gnu_extab
 *(.gnu_extab)

.gcc_except_table
 *(.gcc_except_table .gcc_except_table.*)

.exception_ranges
 *(.exception_ranges .exception_ranges*)

.tdata          0x00000000c0019000        0x0
                [!provide]                        PROVIDE (__tdata_start = .)
 *(.tdata .tdata.* .gnu.linkonce.td.*)

.tbss
 *(.tbss .tbss.* .gnu.linkonce.tb.*)
 *(.tcommon)

.preinit_array  0x00000000c0019000        0x0
                [!provide]                        PROVIDE (__preinit_array_start = .)
 *(.preinit_array)
                [!provide]                        PROVIDE (__preinit_array_end = .)

.init_array     0x00000000c0019000        0x0
                [!provide]                        PROVIDE (__init_array_start = .)
 *(SORT_BY_INIT_PRIORITY(.init_array.*) SORT_BY_INIT_PRIORITY(.ctors.*))
 *(.init_array EXCLUDE_FILE(*crtend?.o *crtend.o *crtbegin?.o *crtbegin.o) .ctors)
                [!provide]                        PROVIDE (__init_array_end = .)

.fini_array     0x00000000c0019000        0x0
                [!provide]                        PROVIDE (__fini_array_start = .)
 *(SORT_BY_INIT_PRIORITY(.fini_array.*) SORT_BY_INIT_PRIORITY(.dtors.*))
 *(.fini_array EXCLUDE_FILE(*crtend?.o *crtend.o *crtbegin?.o *crtbegin.o) .dtors)
                [!provide]                        PROVIDE (__fini_array_end = .)

.ctors
 *crtbegin.o(.ctors)
 *crtbegin?.o(.ctors)
 *(EXCLUDE_FILE(*crtend?.o *crtend.o) .ctors)
 *(SORT_BY_NAME(.ctors.*))
 *(.ctors)

.dtors
 *crtbegin.o(.dtors)
 *crtbegin?.o(.dtors)
 *(EXCLUDE_FILE(*crtend?.o *crtend.o) .dtors)
 *(SORT_BY_NAME(.dtors.*))
 *(.dtors)

.jcr
 *(.jcr)

.data.rel.ro
 *(.data.rel.ro.local* .gnu.linkonce.d.rel.ro.local.*)
 *(.data.rel.ro .data.rel.ro.* .gnu.linkonce.d.rel.ro.*)

.dynamic
 *(.dynamic)

.got            0x00000000c0019000        0x0
 *(.got)
 .got           0x00000000c0019000        0x0 build/main.o
 *(.igot)
                0x00000000c0019ff4                . = DATA_SEGMENT_RELRO_END (., (SIZEOF (.got.plt) >= 0xc)?0xc:0x0)

.got.plt        0x00000000c0019000        0xc
 *(.got.plt)
 .got.plt       0x00000000c0019000        0xc build/main.o
                0x00000000c0019000                _GLOBAL_OFFSET_TABLE_
 *(.igot.plt)
 .igot.plt      0x00000000c001900c        0x0 build/main.o

.data           0x00000000c001900c       0x8f
 *(.data .data.* .gnu.linkonce.d.*)
 .data          0x00000000c001900c        0x0 build/main.o
 .data          0x00000000c001900c        0x0 build/init.o
 .data          0x00000000c001900c        0x0 build/interrupt.o
 .data          0x00000000c001900c        0x0 build/timer.o
 .data          0x00000000c001900c        0x0 build/thread.o
 .data          0x00000000c001900c        0x0 build/memory.o
 .data          0x00000000c001900c        0x0 build/bitmap.o
 .data          0x00000000c001900c       0x84 build/kernel.o
                0x00000000c001900c                intr_entry_table
 .data          0x00000000c0019090        0xb build/print.o
 .data          0x00000000c001909b        0x0 build/string.o

.data1
 *(.data1)
                0x00000000c001909b                _edata = .
                [!provide]                        PROVIDE (edata = .)
                0x00000000c001909b                . = .
                0x00000000c001909b                __bss_start = .

.bss            0x00000000c00190a0      0x270
 *(.dynbss)
 *(.bss .bss.* .gnu.linkonce.b.*)
 .bss           0x00000000c00190a0        0x0 build/main.o
 .bss           0x00000000c00190a0        0x0 build/init.o
 .bss           0x00000000c00190a0      0x108 build/interrupt.o
 .bss           0x00000000c00191a8        0x0 build/timer.o
 .bss           0x00000000c00191a8        0x0 build/thread.o
 .bss           0x00000000c00191a8        0x0 build/memory.o
 .bss           0x00000000c00191a8        0x0 build/bitmap.o
 .bss           0x00000000c00191a8        0x0 build/string.o
 *(COMMON)
 *fill*         0x00000000c00191a8       0x18 
 COMMON         0x00000000c00191c0      0x124 build/interrupt.o
                0x00000000c00191c0                intr_name
                0x00000000c0019260                idt_table
 COMMON         0x00000000c00192e4       0x2c build/memory.o
                0x00000000c00192e4                usr_pool
                0x00000000c00192f4                kernel_vaddr
                0x00000000c0019300                kernel_pool
                0x00000000c0019310                . = ALIGN ((. != 0x0)?0x4:0x1)
                0x00000000c0019310                . = ALIGN (0x4)
                0x00000000c0019310                . = SEGMENT_START ("ldata-segment", .)
                0x00000000c0019310                . = ALIGN (0x4)
                0x00000000c0019310                _end = .
                [!provide]                        PROVIDE (end = .)
                0x00000000c0019310                . = DATA_SEGMENT_END (.)

.stab
 *(.stab)

.stabstr
 *(.stabstr)

.stab.excl
 *(.stab.excl)

.stab.exclstr
 *(.stab.exclstr)

.stab.index
 *(.stab.index)

.stab.indexstr
 *(.stab.indexstr)

.comment        0x0000000000000000       0x1c
 *(.comment)
 .comment       0x0000000000000000       0x1c build/main.o
                                         0x1d (size before relaxing)
 .comment       0x000000000000001c       0x1d build/init.o
 .comment       0x000000000000001c       0x1d build/interrupt.o
 .comment       0x000000000000001c       0x1d build/timer.o
 .comment       0x000000000000001c       0x1d build/thread.o
 .comment       0x000000000000001c       0x1d build/memory.o
 .comment       0x000000000000001c       0x1d build/bitmap.o
 .comment       0x000000000000001c       0x1d build/string.o

.debug
 *(.debug)

.line
 *(.line)

.debug_srcinfo
 *(.debug_srcinfo)

.debug_sfnames
 *(.debug_sfnames)

.debug_aranges
 *(.debug_aranges)

.debug_pubnames
 *(.debug_pubnames)

.debug_info
 *(.debug_info .gnu.linkonce.wi.*)

.debug_abbrev
 *(.debug_abbrev)

.debug_line
 *(.debug_line .debug_line.* .debug_line_end)

.debug_frame
 *(.debug_frame)

.debug_str
 *(.debug_str)

.debug_loc
 *(.debug_loc)

.debug_macinfo
 *(.debug_macinfo)

.debug_weaknames
 *(.debug_weaknames)

.debug_funcnames
 *(.debug_funcnames)

.debug_typenames
 *(.debug_typenames)

.debug_varnames
 *(.debug_varnames)

.debug_pubtypes
 *(.debug_pubtypes)

.debug_ranges
 *(.debug_ranges)

.debug_macro
 *(.debug_macro)

.debug_addr
 *(.debug_addr)

.gnu.attributes
 *(.gnu.attributes)

/DISCARD/
 *(.note.GNU-stack)
 *(.gnu_debuglink)
 *(.gnu.lto_*)
OUTPUT(build/kernel.bin elf32-i386)
